// Jest Snapshot v1, https://goo.gl/fbAQLP

exports[`should be able to highlight specific lines with markers 1`] = `
"<pre class=\\"refractor language-javascript\\"><code class=\\"language-javascript\\"><span class=\\"token punctuation\\">{</span>
<div class=\\"refractor-marker\\">  title<span class=\\"token operator\\">:</span> <span class=\\"token string\\">&quot;Sanity&quot;</span><span class=\\"token punctuation\\">,</span>
</div><div class=\\"url\\">  url<span class=\\"token operator\\">:</span> <span class=\\"token string\\">&quot;https://sanity.io/&quot;</span>
</div><span class=\\"token punctuation\\">}</span>
</code></pre>"
`;

exports[`should be able to render inline 1`] = `"<code class=\\"moop\\" style=\\"display:inline\\"><span class=\\"token keyword\\">var</span> foo <span class=\\"token operator\\">=</span> <span class=\\"token string\\">&quot;bar&quot;</span></code>"`;
